// Vitest Snapshot v1, https://vitest.dev/guide/snapshot.html

exports[`Gallery component > renders images using next/image 1`] = `
<div>
  <div
    class="flex flex-col items-center w-full"
  >
    <div
      class="relative w-full max-w-2xl mb-4"
    >
      <div
        class="aspect-[4/3] overflow-hidden rounded-lg shadow-lg cursor-pointer group bg-gray-100 relative"
      >
        <img
          alt="Test - Image 1"
          blurdataurl="/img/placeholder.svg"
          class="transition-transform duration-300 ease-in-out group-hover:scale-105"
          placeholder="blur"
          sizes="(max-width:768px) 100vw, 33vw"
          src="/img1.jpg"
        />
        <div
          class="absolute inset-0 bg-black bg-opacity-0 group-hover:bg-opacity-10 transition-opacity duration-300 flex items-center justify-center"
        >
          <p
            class="text-white opacity-0 group-hover:opacity-100 transition-opacity duration-300 text-lg"
          >
            View Larger
          </p>
        </div>
      </div>
      <button
        aria-label="Previous image"
        class="absolute left-2 top-1/2 -translate-y-1/2 bg-black bg-opacity-30 text-white p-2 rounded-full hover:bg-opacity-50 focus:outline-none transition-colors"
      >
        <svg
          aria-hidden="true"
          class="h-6 w-6"
          data-slot="icon"
          fill="none"
          stroke="currentColor"
          stroke-width="1.5"
          viewBox="0 0 24 24"
          xmlns="http://www.w3.org/2000/svg"
        >
          <path
            d="M15.75 19.5 8.25 12l7.5-7.5"
            stroke-linecap="round"
            stroke-linejoin="round"
          />
        </svg>
      </button>
      <button
        aria-label="Next image"
        class="absolute right-2 top-1/2 -translate-y-1/2 bg-black bg-opacity-30 text-white p-2 rounded-full hover:bg-opacity-50 focus:outline-none transition-colors"
      >
        <svg
          aria-hidden="true"
          class="h-6 w-6"
          data-slot="icon"
          fill="none"
          stroke="currentColor"
          stroke-width="1.5"
          viewBox="0 0 24 24"
          xmlns="http://www.w3.org/2000/svg"
        >
          <path
            d="m8.25 4.5 7.5 7.5-7.5 7.5"
            stroke-linecap="round"
            stroke-linejoin="round"
          />
        </svg>
      </button>
      <div
        class="absolute bottom-2 left-1/2 -translate-x-1/2 bg-black bg-opacity-50 text-white text-xs px-2 py-1 rounded"
      >
        1
         / 
        2
      </div>
    </div>
    <div
      class="flex space-x-2 overflow-x-auto py-2 w-full justify-center max-w-2xl"
    >
      <button
        class="w-20 h-20 flex-shrink-0 rounded-md overflow-hidden border-2 relative border-blue-500 ring-2 ring-blue-500 focus:outline-none focus:ring-2 focus:ring-blue-400"
      >
        <img
          alt="Thumbnail 1"
          blurdataurl="/img/placeholder.svg"
          class="object-cover"
          placeholder="blur"
          sizes="(max-width:768px) 100vw, 33vw"
          src="/img1.jpg"
        />
      </button>
      <button
        class="w-20 h-20 flex-shrink-0 rounded-md overflow-hidden border-2 relative border-transparent hover:border-gray-400 focus:outline-none focus:ring-2 focus:ring-blue-400"
      >
        <img
          alt="Thumbnail 2"
          blurdataurl="/img/placeholder.svg"
          class="object-cover"
          placeholder="blur"
          sizes="(max-width:768px) 100vw, 33vw"
          src="/img2.jpg"
        />
      </button>
    </div>
  </div>
</div>
`;
